#
# There is insufficient memory for the Java Runtime Environment to continue.
# Native memory allocation (malloc) failed to allocate 1121312 bytes. Error detail: Chunk::new
# Possible reasons:
#   The system is out of physical RAM or swap space
#   This process is running with CompressedOops enabled, and the Java Heap may be blocking the growth of the native heap
# Possible solutions:
#   Reduce memory load on the system
#   Increase physical memory or swap space
#   Check if swap backing store is full
#   Decrease Java heap size (-Xmx/-Xms)
#   Decrease number of Java threads
#   Decrease Java thread stack sizes (-Xss)
#   Set larger code cache with -XX:ReservedCodeCacheSize=
#   JVM is running with Unscaled Compressed Oops mode in which the Java heap is
#     placed in the first 4GB address space. The Java Heap base address is the
#     maximum limit for the native heap growth. Please use -XX:HeapBaseMinAddress
#     to set the Java Heap base and to place the Java Heap above 4GB virtual address.
# This output file may be truncated or incomplete.
#
#  Out of Memory Error (arena.cpp:168), pid=7308, tid=18376
#
# JRE version: OpenJDK Runtime Environment Temurin-21.0.11+10 (21.0.11+10) (build 21.0.11+10-LTS)
# Java VM: OpenJDK 64-Bit Server VM Temurin-21.0.11+10 (21.0.11+10-LTS, mixed mode, sharing, tiered, compressed oops, compressed class ptrs, parallel gc, windows-amd64)
# No core dump will be written. Minidumps are not enabled by default on client versions of Windows
#

---------------  S U M M A R Y ------------

Command Line: --add-modules=ALL-SYSTEM --add-opens=java.base/java.util=ALL-UNNAMED --add-opens=java.base/java.lang=ALL-UNNAMED --add-opens=java.base/sun.nio.fs=ALL-UNNAMED -Declipse.application=org.eclipse.jdt.ls.core.id1 -Dosgi.bundles.defaultStartLevel=4 -Declipse.product=org.eclipse.jdt.ls.core.product -Djava.import.generatesMetadataFilesAtProjectRoot=false -DDetectVMInstallationsJob.disabled=true -Dfile.encoding=utf8 -XX:+UseParallelGC -XX:GCTimeRatio=4 -XX:AdaptiveSizePolicyWeight=90 -Dsun.zip.disableMemoryMapping=true -Xmx2G -Xms100m -Xlog:disable -javaagent:c:\Users\amitv\.vscode\extensions\redhat.java-1.55.0-win32-x64\lombok\lombok-1.18.39-4050.jar c:\Users\amitv\.vscode\extensions\redhat.java-1.55.0-win32-x64\server\plugins\org.eclipse.equinox.launcher_1.7.200.v20260619-2039.jar -configuration c:\Users\amitv\AppData\Roaming\Code\User\globalStorage\redhat.java\1.55.0\config_ss_win -data c:\Users\amitv\AppData\Roaming\Code\User\workspaceStorage\4800a7de16932759413e397f3b1a5185\redhat.java\ss_ws --pipe=\\.\pipe\lsp-bee6eaaf86ab6fd428c10b2ffb08bbf7-sock

Host: 11th Gen Intel(R) Core(TM) i3-1125G4 @ 2.00GHz, 8 cores, 7G,  Windows 11 , 64 bit Build 26100 (10.0.26100.8875)
Time: Sun Jul 19 05:35:54 2026 India Standard Time elapsed time: 20.145576 seconds (0d 0h 0m 20s)

---------------  T H R E A D  ---------------

Current thread (0x00000141b26cb210):  JavaThread "C2 CompilerThread0" daemon [_thread_in_native, id=18376, stack(0x00000004c6b00000,0x00000004c6c00000) (1024K)]


Current CompileTask:
C2:20145 2583       4       java.lang.invoke.MethodType::makeImpl (109 bytes)

Stack: [0x00000004c6b00000,0x00000004c6c00000]
Native frames: (J=compiled Java code, j=interpreted, Vv=VM code, C=native code)
V  [jvm.dll+0x6d7e19]
V  [jvm.dll+0x8b5096]
V  [jvm.dll+0x8b764e]
V  [jvm.dll+0x8b7d33]
V  [jvm.dll+0x284596]
V  [jvm.dll+0xc685d]
V  [jvm.dll+0xc6da1]
V  [jvm.dll+0x3bed6b]
V  [jvm.dll+0x1e3f42]
V  [jvm.dll+0x24c853]
V  [jvm.dll+0x24bce0]
V  [jvm.dll+0x1cb4ae]
V  [jvm.dll+0x25baad]
V  [jvm.dll+0x25a03a]
V  [jvm.dll+0x3f868e]
V  [jvm.dll+0x85fb0d]
V  [jvm.dll+0x6d664d]
C  [ucrtbase.dll+0x2cd30]
C  [KERNEL32.DLL+0x2e957]
C  [ntdll.dll+0xaad6c]


---------------  P R O C E S S  ---------------

Threads class SMR info:
_java_thread_list=0x0000014210d5f4f0, length=21, elements={
0x00000141b272a3e0, 0x00000141b27e24e0, 0x00000141b27e4bf0, 0x00000141b27ea3e0,
0x00000141b27ed250, 0x00000141b27edcb0, 0x00000141b26a5250, 0x00000141b26cb210,
0x000001420b9befd0, 0x000001420bb82c70, 0x000001420bcc4dc0, 0x00000142100eabc0,
0x00000142109b0840, 0x00000142108b41b0, 0x00000142109d7230, 0x000001421090ac60,
0x0000014210743fa0, 0x0000014210b43370, 0x0000014210acba00, 0x000001421031fcb0,
0x0000014210d71040
}

Java Threads: ( => current thread )
  0x00000141b272a3e0 JavaThread "main"                              [_thread_blocked, id=5880, stack(0x00000004c6100000,0x00000004c6200000) (1024K)]
  0x00000141b27e24e0 JavaThread "Reference Handler"          daemon [_thread_blocked, id=25360, stack(0x00000004c6500000,0x00000004c6600000) (1024K)]
  0x00000141b27e4bf0 JavaThread "Finalizer"                  daemon [_thread_blocked, id=8680, stack(0x00000004c6600000,0x00000004c6700000) (1024K)]
  0x00000141b27ea3e0 JavaThread "Signal Dispatcher"          daemon [_thread_blocked, id=15764, stack(0x00000004c6700000,0x00000004c6800000) (1024K)]
  0x00000141b27ed250 JavaThread "Attach Listener"            daemon [_thread_blocked, id=25056, stack(0x00000004c6800000,0x00000004c6900000) (1024K)]
  0x00000141b27edcb0 JavaThread "Service Thread"             daemon [_thread_blocked, id=25396, stack(0x00000004c6900000,0x00000004c6a00000) (1024K)]
  0x00000141b26a5250 JavaThread "Monitor Deflation Thread"   daemon [_thread_blocked, id=3020, stack(0x00000004c6a00000,0x00000004c6b00000) (1024K)]
=>0x00000141b26cb210 JavaThread "C2 CompilerThread0"         daemon [_thread_in_native, id=18376, stack(0x00000004c6b00000,0x00000004c6c00000) (1024K)]
  0x000001420b9befd0 JavaThread "C1 CompilerThread0"         daemon [_thread_blocked, id=3416, stack(0x00000004c6c00000,0x00000004c6d00000) (1024K)]
  0x000001420bb82c70 JavaThread "Common-Cleaner"             daemon [_thread_blocked, id=6536, stack(0x00000004c6d00000,0x00000004c6e00000) (1024K)]
  0x000001420bcc4dc0 JavaThread "Notification Thread"        daemon [_thread_blocked, id=6836, stack(0x00000004c6e00000,0x00000004c6f00000) (1024K)]
  0x00000142100eabc0 JavaThread "Active Thread: Equinox Container: a0ac2984-3125-4077-a87b-d5f13d60bd6f"        [_thread_blocked, id=5080, stack(0x00000004c7000000,0x00000004c7100000) (1024K)]
  0x00000142109b0840 JavaThread "Framework Event Dispatcher: Equinox Container: a0ac2984-3125-4077-a87b-d5f13d60bd6f" daemon [_thread_blocked, id=24568, stack(0x00000004c7700000,0x00000004c7800000) (1024K)]
  0x00000142108b41b0 JavaThread "Start Level: Equinox Container: a0ac2984-3125-4077-a87b-d5f13d60bd6f" daemon [_thread_blocked, id=23092, stack(0x00000004c7800000,0x00000004c7900000) (1024K)]
  0x00000142109d7230 JavaThread "SCR Component Actor"        daemon [_thread_blocked, id=25036, stack(0x00000004c7a00000,0x00000004c7b00000) (1024K)]
  0x000001421090ac60 JavaThread "Worker-JM"                         [_thread_blocked, id=19108, stack(0x00000004c7b00000,0x00000004c7c00000) (1024K)]
  0x0000014210743fa0 JavaThread "JNA Cleaner"                daemon [_thread_blocked, id=25196, stack(0x00000004c6f00000,0x00000004c7000000) (1024K)]
  0x0000014210b43370 JavaThread "Worker-0"                          [_thread_blocked, id=8700, stack(0x00000004c7c00000,0x00000004c7d00000) (1024K)]
  0x0000014210acba00 JavaThread "Worker-1"                          [_thread_blocked, id=19252, stack(0x00000004c7d00000,0x00000004c7e00000) (1024K)]
  0x000001421031fcb0 JavaThread "C2 CompilerThread1"         daemon [_thread_blocked, id=19684, stack(0x00000004c7e00000,0x00000004c7f00000) (1024K)]
  0x0000014210d71040 JavaThread "C2 CompilerThread2"         daemon [_thread_blocked, id=15236, stack(0x00000004c7f00000,0x00000004c8000000) (1024K)]
Total: 21

Other Threads:
  0x00000141b27ceb20 VMThread "VM Thread"                           [id=11172, stack(0x00000004c6400000,0x00000004c6500000) (1024K)] _threads_hazard_ptr=0x0000014210d5f4f0
  0x00000141b2797c20 WatcherThread "VM Periodic Task Thread"        [id=25088, stack(0x00000004c6300000,0x00000004c6400000) (1024K)]
  0x00000141b274ae80 WorkerThread "GC Thread#0"                     [id=21748, stack(0x00000004c6200000,0x00000004c6300000) (1024K)]
  0x000001421034e730 WorkerThread "GC Thread#1"                     [id=17260, stack(0x00000004c7100000,0x00000004c7200000) (1024K)]
  0x000001421034ee90 WorkerThread "GC Thread#2"                     [id=24484, stack(0x00000004c7200000,0x00000004c7300000) (1024K)]
  0x000001421034e380 WorkerThread "GC Thread#3"                     [id=2220, stack(0x00000004c7300000,0x00000004c7400000) (1024K)]
  0x000001421034f240 WorkerThread "GC Thread#4"                     [id=2792, stack(0x00000004c7400000,0x00000004c7500000) (1024K)]
  0x000001421034f5f0 WorkerThread "GC Thread#5"                     [id=11764, stack(0x00000004c7500000,0x00000004c7600000) (1024K)]
  0x000001421034eae0 WorkerThread "GC Thread#6"                     [id=16108, stack(0x00000004c7600000,0x00000004c7700000) (1024K)]
  0x000001421034dfd0 WorkerThread "GC Thread#7"                     [id=2604, stack(0x00000004c7900000,0x00000004c7a00000) (1024K)]
Total: 10

Threads with active compile tasks:
C2 CompilerThread0  21196 2583       4       java.lang.invoke.MethodType::makeImpl (109 bytes)
C1 CompilerThread0  21196 2680       3       org.lombokweb.asm.SymbolTable::addConstantMemberReference (147 bytes)
C2 CompilerThread1  21196 2672       4       org.lombokweb.asm.SymbolTable::addConstantUtf8 (98 bytes)
C2 CompilerThread2  21196 2670       4       org.lombokweb.asm.SymbolTable::addConstantMemberReference (29 bytes)
Total: 4

VM state: synchronizing (normal execution)

VM Mutex/Monitor currently owned by a thread:  ([mutex/lock_event])
[0x00007ff89585f570] Threads_lock - owner thread: 0x00000141b27ceb20

Heap address: 0x0000000080000000, size: 2048 MB, Compressed Oops mode: 32-bit

CDS archive(s) mapped at: [0x00000141c9000000-0x00000141c9ba0000-0x00000141c9ba0000), size 12189696, SharedBaseAddress: 0x00000141c9000000, ArchiveRelocationMode: 1.
Compressed class space mapped at: 0x00000141ca000000-0x000001420a000000, reserved size: 1073741824
Narrow klass base: 0x00000141c9000000, Narrow klass shift: 0, Narrow klass range: 0x100000000

GC Precious Log:
 CardTable entry size: 512
 CPUs: 8 total, 8 available
 Memory: 7833M
 Large Page Support: Disabled
 NUMA Support: Disabled
 Compressed Oops: Enabled (32-bit)
 Alignments: Space 512K, Generation 512K, Heap 2M
 Heap Min Capacity: 100M
 Heap Initial Capacity: 100M
 Heap Max Capacity: 2G
 Pre-touch: Disabled
 Parallel Workers: 8

Heap:
 PSYoungGen      total 29696K, used 17202K [0x00000000d5580000, 0x00000000d7680000, 0x0000000100000000)
  eden space 25600K, 51% used [0x00000000d5580000,0x00000000d62519d0,0x00000000d6e80000)
  from space 4096K, 99% used [0x00000000d7280000,0x00000000d767ae78,0x00000000d7680000)
  to   space 4096K, 0% used [0x00000000d6e80000,0x00000000d6e80000,0x00000000d7280000)
 ParOldGen       total 68608K, used 4544K [0x0000000080000000, 0x0000000084300000, 0x00000000d5580000)
  object space 68608K, 6% used [0x0000000080000000,0x00000000804701a0,0x0000000084300000)
 Metaspace       used 17539K, committed 18176K, reserved 1114112K
  class space    used 1835K, committed 2112K, reserved 1048576K

Card table byte_map: [0x00000141b20d0000,0x00000141b24e0000] _byte_map_base: 0x00000141b1cd0000

Marking Bits: (ParMarkBitMap*) 0x00007ff895864460
 Begin Bits: [0x00000141c4be0000, 0x00000141c6be0000)
 End Bits:   [0x00000141c6be0000, 0x00000141c8be0000)

Polling page: 0x00000141b03b0000

Metaspace:

Usage:
  Non-class:     15.34 MB used.
      Class:      1.79 MB used.
       Both:     17.13 MB used.

Virtual space:
  Non-class space:       64.00 MB reserved,      15.69 MB ( 25%) committed,  1 nodes.
      Class space:        1.00 GB reserved,       2.06 MB ( <1%) committed,  1 nodes.
             Both:        1.06 GB reserved,      17.75 MB (  2%) committed. 

Chunk freelists:
   Non-Class:  15.97 MB
       Class:  13.88 MB
        Both:  29.84 MB

MaxMetaspaceSize: unlimited
CompressedClassSpaceSize: 1.00 GB
Initial GC threshold: 21.00 MB
Current GC threshold: 21.00 MB
CDS: on
 - commit_granule_bytes: 65536.
 - commit_granule_words: 8192.
 - virtual_space_node_default_size: 8388608.
 - enlarge_chunks_in_place: 1.
 - use_allocation_guard: 0.


Internal statistics:

num_allocs_failed_limit: 0.
num_arena_births: 506.
num_arena_deaths: 0.
num_vsnodes_births: 2.
num_vsnodes_deaths: 0.
num_space_committed: 284.
num_space_uncommitted: 0.
num_chunks_returned_to_freelist: 0.
num_chunks_taken_from_freelist: 1182.
num_chunk_merges: 0.
num_chunk_splits: 731.
num_chunks_enlarged: 452.
num_inconsistent_stats: 0.

CodeHeap 'non-profiled nmethods': size=120000Kb used=1129Kb max_used=1129Kb free=118870Kb
 bounds [0x00000141bd400000, 0x00000141bd670000, 0x00000141c4930000]
CodeHeap 'profiled nmethods': size=120000Kb used=5194Kb max_used=5194Kb free=114805Kb
 bounds [0x00000141b5930000, 0x00000141b5e50000, 0x00000141bce60000]
CodeHeap 'non-nmethods': size=5760Kb used=1282Kb max_used=1310Kb free=4477Kb
 bounds [0x00000141bce60000, 0x00000141bd0d0000, 0x00000141bd400000]
CodeCache: size=245760Kb, used=7605Kb, max_used=7633Kb, free=238152Kb
 total_blobs=3220, nmethods=2669, adapters=457, full_count=0
Compilation: enabled, stopped_count=0, restarted_count=0

Compilation events (20 events):
Event: 17.097 Thread 0x000001420b9befd0 2634       3       org.lombokweb.asm.Type::getArgumentsAndReturnSizes (140 bytes)
Event: 17.100 Thread 0x000001420b9befd0 nmethod 2634 0x00000141b5e28010 code [0x00000141b5e283e0, 0x00000141b5e29f40]
Event: 17.100 Thread 0x000001420b9befd0 2636       2       java.util.regex.Pattern$BmpCharPropertyGreedy::match (89 bytes)
Event: 17.100 Thread 0x000001420b9befd0 nmethod 2636 0x00000141b5e2aa10 code [0x00000141b5e2abe0, 0x00000141b5e2af50]
Event: 17.100 Thread 0x000001420b9befd0 2635       3       lombok.patcher.PatchScript$MethodPatcher::visitMethod (158 bytes)
Event: 17.101 Thread 0x000001420b9befd0 nmethod 2635 0x00000141b5e2b110 code [0x00000141b5e2b3e0, 0x00000141b5e2c2b8]
Event: 17.101 Thread 0x000001420b9befd0 2629       3       org.lombokweb.asm.Label::resolve (259 bytes)
Event: 17.102 Thread 0x000001420b9befd0 nmethod 2629 0x00000141b5e2c710 code [0x00000141b5e2c900, 0x00000141b5e2cea8]
Event: 17.102 Thread 0x000001420b9befd0 2632       3       org.lombokweb.asm.MethodWriter::visitLabel (332 bytes)
Event: 17.103 Thread 0x000001420b9befd0 nmethod 2632 0x00000141b5e2d210 code [0x00000141b5e2d460, 0x00000141b5e2dd58]
Event: 17.103 Thread 0x000001420b9befd0 2637       3       org.lombokweb.asm.Label::<init> (5 bytes)
Event: 17.104 Thread 0x000001420b9befd0 nmethod 2637 0x00000141b5e2df90 code [0x00000141b5e2e140, 0x00000141b5e2e2a8]
Event: 17.104 Thread 0x000001420b9befd0 2631       3       org.lombokweb.asm.ClassVisitor::visitMethod (24 bytes)
Event: 17.104 Thread 0x000001420b9befd0 nmethod 2631 0x00000141b5e2e390 code [0x00000141b5e2e540, 0x00000141b5e2e778]
Event: 17.104 Thread 0x000001420b9befd0 2633       3       lombok.patcher.MethodTarget::matches (29 bytes)
Event: 17.104 Thread 0x000001420b9befd0 nmethod 2633 0x00000141b5e2e890 code [0x00000141b5e2eaa0, 0x00000141b5e2ee68]
Event: 17.104 Thread 0x000001420b9befd0 2630       1       lombok.patcher.Hook::getMethodName (5 bytes)
Event: 17.104 Thread 0x000001420b9befd0 nmethod 2630 0x00000141bd515a10 code [0x00000141bd515ba0, 0x00000141bd515c68]
Event: 17.444 Thread 0x000001420b9befd0 2638       3       java.util.concurrent.Semaphore$NonfairSync::tryAcquireShared (6 bytes)
Event: 20.142 Thread 0x000001420b9befd0 nmethod 2638 0x00000141b5e2f090 code [0x00000141b5e2f240, 0x00000141b5e2f378]

GC Heap History (8 events):
Event: 13.325 GC heap before
{Heap before GC invocations=1 (full 0):
 PSYoungGen      total 29696K, used 25600K [0x00000000d5580000, 0x00000000d7680000, 0x0000000100000000)
  eden space 25600K, 100% used [0x00000000d5580000,0x00000000d6e80000,0x00000000d6e80000)
  from space 4096K, 0% used [0x00000000d7280000,0x00000000d7280000,0x00000000d7680000)
  to   space 4096K, 0% used [0x00000000d6e80000,0x00000000d6e80000,0x00000000d7280000)
 ParOldGen       total 68608K, used 0K [0x0000000080000000, 0x0000000084300000, 0x00000000d5580000)
  object space 68608K, 0% used [0x0000000080000000,0x0000000080000000,0x0000000084300000)
 Metaspace       used 4373K, committed 4608K, reserved 1114112K
  class space    used 475K, committed 576K, reserved 1048576K
}
Event: 13.336 GC heap after
{Heap after GC invocations=1 (full 0):
 PSYoungGen      total 29696K, used 3287K [0x00000000d5580000, 0x00000000d7680000, 0x0000000100000000)
  eden space 25600K, 0% used [0x00000000d5580000,0x00000000d5580000,0x00000000d6e80000)
  from space 4096K, 80% used [0x00000000d6e80000,0x00000000d71b5ea8,0x00000000d7280000)
  to   space 4096K, 0% used [0x00000000d7280000,0x00000000d7280000,0x00000000d7680000)
 ParOldGen       total 68608K, used 16K [0x0000000080000000, 0x0000000084300000, 0x00000000d5580000)
  object space 68608K, 0% used [0x0000000080000000,0x0000000080004000,0x0000000084300000)
 Metaspace       used 4373K, committed 4608K, reserved 1114112K
  class space    used 475K, committed 576K, reserved 1048576K
}
Event: 15.246 GC heap before
{Heap before GC invocations=2 (full 0):
 PSYoungGen      total 29696K, used 28887K [0x00000000d5580000, 0x00000000d7680000, 0x0000000100000000)
  eden space 25600K, 100% used [0x00000000d5580000,0x00000000d6e80000,0x00000000d6e80000)
  from space 4096K, 80% used [0x00000000d6e80000,0x00000000d71b5ea8,0x00000000d7280000)
  to   space 4096K, 0% used [0x00000000d7280000,0x00000000d7280000,0x00000000d7680000)
 ParOldGen       total 68608K, used 16K [0x0000000080000000, 0x0000000084300000, 0x00000000d5580000)
  object space 68608K, 0% used [0x0000000080000000,0x0000000080004000,0x0000000084300000)
 Metaspace       used 8238K, committed 8576K, reserved 1114112K
  class space    used 876K, committed 1024K, reserved 1048576K
}
Event: 15.253 GC heap after
{Heap after GC invocations=2 (full 0):
 PSYoungGen      total 29696K, used 4070K [0x00000000d5580000, 0x00000000d7680000, 0x0000000100000000)
  eden space 25600K, 0% used [0x00000000d5580000,0x00000000d5580000,0x00000000d6e80000)
  from space 4096K, 99% used [0x00000000d7280000,0x00000000d7679800,0x00000000d7680000)
  to   space 4096K, 0% used [0x00000000d6e80000,0x00000000d6e80000,0x00000000d7280000)
 ParOldGen       total 68608K, used 1052K [0x0000000080000000, 0x0000000084300000, 0x00000000d5580000)
  object space 68608K, 1% used [0x0000000080000000,0x00000000801071a8,0x0000000084300000)
 Metaspace       used 8238K, committed 8576K, reserved 1114112K
  class space    used 876K, committed 1024K, reserved 1048576K
}
Event: 15.961 GC heap before
{Heap before GC invocations=3 (full 0):
 PSYoungGen      total 29696K, used 29670K [0x00000000d5580000, 0x00000000d7680000, 0x0000000100000000)
  eden space 25600K, 100% used [0x00000000d5580000,0x00000000d6e80000,0x00000000d6e80000)
  from space 4096K, 99% used [0x00000000d7280000,0x00000000d7679800,0x00000000d7680000)
  to   space 4096K, 0% used [0x00000000d6e80000,0x00000000d6e80000,0x00000000d7280000)
 ParOldGen       total 68608K, used 1052K [0x0000000080000000, 0x0000000084300000, 0x00000000d5580000)
  object space 68608K, 1% used [0x0000000080000000,0x00000000801071a8,0x0000000084300000)
 Metaspace       used 13084K, committed 13696K, reserved 1114112K
  class space    used 1386K, committed 1664K, reserved 1048576K
}
Event: 15.967 GC heap after
{Heap after GC invocations=3 (full 0):
 PSYoungGen      total 29696K, used 4092K [0x00000000d5580000, 0x00000000d7680000, 0x0000000100000000)
  eden space 25600K, 0% used [0x00000000d5580000,0x00000000d5580000,0x00000000d6e80000)
  from space 4096K, 99% used [0x00000000d6e80000,0x00000000d727f3b8,0x00000000d7280000)
  to   space 4096K, 0% used [0x00000000d7280000,0x00000000d7280000,0x00000000d7680000)
 ParOldGen       total 68608K, used 2744K [0x0000000080000000, 0x0000000084300000, 0x00000000d5580000)
  object space 68608K, 4% used [0x0000000080000000,0x00000000802ae1f8,0x0000000084300000)
 Metaspace       used 13084K, committed 13696K, reserved 1114112K
  class space    used 1386K, committed 1664K, reserved 1048576K
}
Event: 17.028 GC heap before
{Heap before GC invocations=4 (full 0):
 PSYoungGen      total 29696K, used 29692K [0x00000000d5580000, 0x00000000d7680000, 0x0000000100000000)
  eden space 25600K, 100% used [0x00000000d5580000,0x00000000d6e80000,0x00000000d6e80000)
  from space 4096K, 99% used [0x00000000d6e80000,0x00000000d727f3b8,0x00000000d7280000)
  to   space 4096K, 0% used [0x00000000d7280000,0x00000000d7280000,0x00000000d7680000)
 ParOldGen       total 68608K, used 2744K [0x0000000080000000, 0x0000000084300000, 0x00000000d5580000)
  object space 68608K, 4% used [0x0000000080000000,0x00000000802ae1f8,0x0000000084300000)
 Metaspace       used 17147K, committed 17792K, reserved 1114112K
  class space    used 1816K, committed 2112K, reserved 1048576K
}
Event: 17.035 GC heap after
{Heap after GC invocations=4 (full 0):
 PSYoungGen      total 29696K, used 4075K [0x00000000d5580000, 0x00000000d7680000, 0x0000000100000000)
  eden space 25600K, 0% used [0x00000000d5580000,0x00000000d5580000,0x00000000d6e80000)
  from space 4096K, 99% used [0x00000000d7280000,0x00000000d767ae78,0x00000000d7680000)
  to   space 4096K, 0% used [0x00000000d6e80000,0x00000000d6e80000,0x00000000d7280000)
 ParOldGen       total 68608K, used 4544K [0x0000000080000000, 0x0000000084300000, 0x00000000d5580000)
  object space 68608K, 6% used [0x0000000080000000,0x00000000804701a0,0x0000000084300000)
 Metaspace       used 17147K, committed 17792K, reserved 1114112K
  class space    used 1816K, committed 2112K, reserved 1048576K
}

Dll operation events (10 events):
Event: 0.450 Loaded shared library c:\Users\amitv\.vscode\extensions\redhat.java-1.55.0-win32-x64\jre\21.0.11-win32-x86_64\bin\java.dll
Event: 3.242 Loaded shared library c:\Users\amitv\.vscode\extensions\redhat.java-1.55.0-win32-x64\jre\21.0.11-win32-x86_64\bin\zip.dll
Event: 3.426 Loaded shared library C:\Users\amitv\.vscode\extensions\redhat.java-1.55.0-win32-x64\jre\21.0.11-win32-x86_64\bin\instrument.dll
Event: 3.666 Loaded shared library C:\Users\amitv\.vscode\extensions\redhat.java-1.55.0-win32-x64\jre\21.0.11-win32-x86_64\bin\net.dll
Event: 3.859 Loaded shared library C:\Users\amitv\.vscode\extensions\redhat.java-1.55.0-win32-x64\jre\21.0.11-win32-x86_64\bin\nio.dll
Event: 3.866 Loaded shared library C:\Users\amitv\.vscode\extensions\redhat.java-1.55.0-win32-x64\jre\21.0.11-win32-x86_64\bin\zip.dll
Event: 3.919 Loaded shared library C:\Users\amitv\.vscode\extensions\redhat.java-1.55.0-win32-x64\jre\21.0.11-win32-x86_64\bin\jimage.dll
Event: 5.329 Loaded shared library c:\Users\amitv\.vscode\extensions\redhat.java-1.55.0-win32-x64\jre\21.0.11-win32-x86_64\bin\verify.dll
Event: 15.447 Loaded shared library C:\Users\amitv\AppData\Roaming\Code\User\globalStorage\redhat.java\1.55.0\config_ss_win\org.eclipse.equinox.launcher\org.eclipse.equinox.launcher.win32.win32.x86_64_1.3.100.v20260613-0559\eclipse_11924.dll
Event: 16.614 Loaded shared library C:\Windows\Temp\jna-92933375\jna655551787859259978.dll

Deoptimization events (20 events):
Event: 16.967 Thread 0x00000142108b41b0 Uncommon trap: trap_request=0xffffffde fr.pc=0x00000141bd4f3514 relative=0x00000000000003b4
Event: 16.967 Thread 0x00000142108b41b0 Uncommon trap: reason=class_check action=maybe_recompile pc=0x00000141bd4f3514 method=java.util.regex.Pattern$BmpCharPropertyGreedy.match(Ljava/util/regex/Matcher;ILjava/lang/CharSequence;)Z @ 70 c2
Event: 16.967 Thread 0x00000142108b41b0 DEOPT PACKING pc=0x00000141bd4f3514 sp=0x00000004c78ef800
Event: 16.967 Thread 0x00000142108b41b0 DEOPT UNPACKING pc=0x00000141bceb6da2 sp=0x00000004c78ef7a8 mode 2
Event: 16.967 Thread 0x00000142108b41b0 Uncommon trap: trap_request=0xffffffde fr.pc=0x00000141bd4f3514 relative=0x00000000000003b4
Event: 16.967 Thread 0x00000142108b41b0 Uncommon trap: reason=class_check action=maybe_recompile pc=0x00000141bd4f3514 method=java.util.regex.Pattern$BmpCharPropertyGreedy.match(Ljava/util/regex/Matcher;ILjava/lang/CharSequence;)Z @ 70 c2
Event: 16.967 Thread 0x00000142108b41b0 DEOPT PACKING pc=0x00000141bd4f3514 sp=0x00000004c78ef9c0
Event: 16.967 Thread 0x00000142108b41b0 DEOPT UNPACKING pc=0x00000141bceb6da2 sp=0x00000004c78ef968 mode 2
Event: 16.967 Thread 0x00000142108b41b0 Uncommon trap: trap_request=0xffffffde fr.pc=0x00000141bd4f3514 relative=0x00000000000003b4
Event: 16.967 Thread 0x00000142108b41b0 Uncommon trap: reason=class_check action=maybe_recompile pc=0x00000141bd4f3514 method=java.util.regex.Pattern$BmpCharPropertyGreedy.match(Ljava/util/regex/Matcher;ILjava/lang/CharSequence;)Z @ 70 c2
Event: 16.967 Thread 0x00000142108b41b0 DEOPT PACKING pc=0x00000141bd4f3514 sp=0x00000004c78ef810
Event: 16.967 Thread 0x00000142108b41b0 DEOPT UNPACKING pc=0x00000141bceb6da2 sp=0x00000004c78ef7b8 mode 2
Event: 17.047 Thread 0x00000142108b41b0 Uncommon trap: trap_request=0xffffffde fr.pc=0x00000141bd50def8 relative=0x00000000000003b8
Event: 17.047 Thread 0x00000142108b41b0 Uncommon trap: reason=class_check action=maybe_recompile pc=0x00000141bd50def8 method=java.lang.String.<init>(Ljava/lang/AbstractStringBuilder;Ljava/lang/Void;)V @ 10 c2
Event: 17.047 Thread 0x00000142108b41b0 DEOPT PACKING pc=0x00000141bd50def8 sp=0x00000004c78f88a0
Event: 17.047 Thread 0x00000142108b41b0 DEOPT UNPACKING pc=0x00000141bceb6da2 sp=0x00000004c78f8870 mode 2
Event: 17.047 Thread 0x00000142108b41b0 Uncommon trap: trap_request=0xffffffde fr.pc=0x00000141bd50def8 relative=0x00000000000003b8
Event: 17.047 Thread 0x00000142108b41b0 Uncommon trap: reason=class_check action=maybe_recompile pc=0x00000141bd50def8 method=java.lang.String.<init>(Ljava/lang/AbstractStringBuilder;Ljava/lang/Void;)V @ 10 c2
Event: 17.047 Thread 0x00000142108b41b0 DEOPT PACKING pc=0x00000141bd50def8 sp=0x00000004c78f8a40
Event: 17.047 Thread 0x00000142108b41b0 DEOPT UNPACKING pc=0x00000141bceb6da2 sp=0x00000004c78f8a10 mode 2

Classes loaded (20 events):
Event: 16.945 Loading class java/util/zip/GZIPInputStream
Event: 16.946 Loading class java/util/zip/GZIPInputStream done
Event: 16.949 Loading class java/util/zip/GZIPOutputStream
Event: 16.950 Loading class java/util/zip/GZIPOutputStream done
Event: 16.996 Loading class java/io/StringReader
Event: 16.996 Loading class java/io/StringReader done
Event: 17.007 Loading class java/net/SocketTimeoutException
Event: 17.007 Loading class java/io/InterruptedIOException
Event: 17.008 Loading class java/io/InterruptedIOException done
Event: 17.008 Loading class java/net/SocketTimeoutException done
Event: 17.008 Loading class java/net/SocketException
Event: 17.008 Loading class java/net/SocketException done
Event: 17.008 Loading class java/net/UnknownHostException
Event: 17.009 Loading class java/net/UnknownHostException done
Event: 17.009 Loading class java/net/ProtocolException
Event: 17.009 Loading class java/net/ProtocolException done
Event: 17.054 Loading class java/lang/ThreadLocal$SuppliedThreadLocal
Event: 17.054 Loading class java/lang/ThreadLocal$SuppliedThreadLocal done
Event: 17.080 Loading class java/io/FileWriter
Event: 17.080 Loading class java/io/FileWriter done

Classes unloaded (0 events):
No events

Classes redefined (0 events):
No events

Internal exceptions (20 events):
Event: 16.646 Thread 0x00000142108b41b0 Exception <a 'java/lang/NoSuchMethodError'{0x00000000d63f1ea8}: 'void java.lang.invoke.DelegatingMethodHandle$Holder.reinvoke_L(java.lang.Object, java.lang.Object, int)'> (0x00000000d63f1ea8) 
thrown [s\src\hotspot\share\interpreter\linkResolver.cpp, line 773]
Event: 16.647 Thread 0x00000142108b41b0 Exception <a 'java/lang/NoSuchMethodError'{0x00000000d63f8b90}: 'int java.lang.invoke.Invokers$Holder.invokeExact_MT(java.lang.Object, java.lang.Object, java.lang.Object)'> (0x00000000d63f8b90) 
thrown [s\src\hotspot\share\interpreter\linkResolver.cpp, line 773]
Event: 16.682 Thread 0x00000142108b41b0 Exception <a 'java/lang/NoSuchMethodError'{0x00000000d64c3080}: method resolution failed> (0x00000000d64c3080) 
thrown [s\src\hotspot\share\prims\methodHandles.cpp, line 1136]
Event: 16.712 Thread 0x00000142108b41b0 Exception <a 'java/lang/NoSuchMethodError'{0x00000000d6538a38}: 'void java.lang.invoke.Invokers$Holder.invokeExact_MT(java.lang.Object, java.lang.Object, int, java.lang.Object)'> (0x00000000d6538a38) 
thrown [s\src\hotspot\share\interpreter\linkResolver.cpp, line 773]
Event: 16.742 Thread 0x00000142108b41b0 Exception <a 'java/lang/NoSuchMethodError'{0x00000000d66260c8}: 'java.lang.Object java.lang.invoke.DirectMethodHandle$Holder.invokeSpecial(java.lang.Object, java.lang.Object, java.lang.Object, long, java.lang.Object)'> (0x00000000d66260c8) 
thrown [s\src\hotspot\share\interpreter\linkResolver.cpp, line 773]
Event: 16.743 Thread 0x00000142108b41b0 Exception <a 'java/lang/NoSuchMethodError'{0x00000000d662d910}: 'java.lang.Object java.lang.invoke.DirectMethodHandle$Holder.newInvokeSpecial(java.lang.Object, java.lang.Object, java.lang.Object, long)'> (0x00000000d662d910) 
thrown [s\src\hotspot\share\interpreter\linkResolver.cpp, line 773]
Event: 16.744 Thread 0x00000142108b41b0 Exception <a 'java/lang/NoSuchMethodError'{0x00000000d6631cc0}: 'java.lang.Object java.lang.invoke.DirectMethodHandle$Holder.invokeSpecial(java.lang.Object, java.lang.Object, java.lang.Object, java.lang.Object, long)'> (0x00000000d6631cc0) 
thrown [s\src\hotspot\share\interpreter\linkResolver.cpp, line 773]
Event: 16.744 Thread 0x00000142108b41b0 Exception <a 'java/lang/NoSuchMethodError'{0x00000000d66358e0}: 'java.lang.Object java.lang.invoke.Invokers$Holder.linkToTargetMethod(java.lang.Object, java.lang.Object, long, java.lang.Object)'> (0x00000000d66358e0) 
thrown [s\src\hotspot\share\interpreter\linkResolver.cpp, line 773]
Event: 16.756 Thread 0x00000142108b41b0 Exception <a 'java/lang/NoSuchMethodError'{0x00000000d66a77f8}: 'int java.lang.invoke.DirectMethodHandle$Holder.invokeStaticInit(java.lang.Object, java.lang.Object, java.lang.Object)'> (0x00000000d66a77f8) 
thrown [s\src\hotspot\share\interpreter\linkResolver.cpp, line 773]
Event: 16.772 Thread 0x00000142108b41b0 Exception <a 'java/lang/IncompatibleClassChangeError'{0x00000000d6734018}: Found class java.lang.Object, but interface was expected> (0x00000000d6734018) 
thrown [s\src\hotspot\share\interpreter\linkResolver.cpp, line 840]
Event: 16.793 Thread 0x00000142108b41b0 Exception <a 'java/lang/NoSuchMethodError'{0x00000000d674d310}: 'java.lang.Object java.lang.invoke.DirectMethodHandle$Holder.invokeSpecial(java.lang.Object, java.lang.Object, java.lang.Object, int, java.lang.Object, java.lang.Object)'> (0x00000000d674d310) 
thrown [s\src\hotspot\share\interpreter\linkResolver.cpp, line 773]
Event: 16.794 Thread 0x00000142108b41b0 Exception <a 'java/lang/NoSuchMethodError'{0x00000000d6754de8}: 'java.lang.Object java.lang.invoke.DirectMethodHandle$Holder.newInvokeSpecial(java.lang.Object, java.lang.Object, java.lang.Object, int, java.lang.Object)'> (0x00000000d6754de8) 
thrown [s\src\hotspot\share\interpreter\linkResolver.cpp, line 773]
Event: 16.795 Thread 0x00000142108b41b0 Exception <a 'java/lang/NoSuchMethodError'{0x00000000d6758d68}: 'java.lang.Object java.lang.invoke.DirectMethodHandle$Holder.invokeSpecial(java.lang.Object, java.lang.Object, java.lang.Object, java.lang.Object, int, java.lang.Object)'> (0x00000000d6758d68) 
thrown [s\src\hotspot\share\interpreter\linkResolver.cpp, line 773]
Event: 16.795 Thread 0x00000142108b41b0 Exception <a 'java/lang/NoSuchMethodError'{0x00000000d675ce98}: 'java.lang.Object java.lang.invoke.Invokers$Holder.linkToTargetMethod(java.lang.Object, java.lang.Object, int, java.lang.Object, java.lang.Object)'> (0x00000000d675ce98) 
thrown [s\src\hotspot\share\interpreter\linkResolver.cpp, line 773]
Event: 16.796 Thread 0x0000014210b43370 Exception <a 'java/lang/NoSuchMethodError'{0x00000000d66824c8}: 'java.lang.Object java.lang.invoke.DirectMethodHandle$Holder.invokeSpecial(java.lang.Object, java.lang.Object, int, java.lang.Object, java.lang.Object)'> (0x00000000d66824c8) 
thrown [s\src\hotspot\share\interpreter\linkResolver.cpp, line 773]
Event: 16.797 Thread 0x0000014210b43370 Exception <a 'java/lang/NoSuchMethodError'{0x00000000d6689200}: 'java.lang.Object java.lang.invoke.DirectMethodHandle$Holder.newInvokeSpecial(java.lang.Object, java.lang.Object, int, java.lang.Object)'> (0x00000000d6689200) 
thrown [s\src\hotspot\share\interpreter\linkResolver.cpp, line 773]
Event: 16.797 Thread 0x0000014210b43370 Exception <a 'java/lang/NoSuchMethodError'{0x00000000d668cae0}: 'java.lang.Object java.lang.invoke.DirectMethodHandle$Holder.invokeSpecial(java.lang.Object, java.lang.Object, java.lang.Object, int, java.lang.Object)'> (0x00000000d668cae0) 
thrown [s\src\hotspot\share\interpreter\linkResolver.cpp, line 773]
Event: 16.828 Thread 0x00000142108b41b0 Exception <a 'java/lang/NoSuchMethodError'{0x00000000d687af58}: 'void java.lang.invoke.DirectMethodHandle$Holder.invokeSpecial(java.lang.Object, java.lang.Object, java.lang.Object, java.lang.Object, java.lang.Object)'> (0x00000000d687af58) 
thrown [s\src\hotspot\share\interpreter\linkResolver.cpp, line 773]
Event: 16.924 Thread 0x00000142108b41b0 Exception <a 'java/lang/NoSuchMethodError'{0x00000000d6b46f68}: 'double java.lang.invoke.DirectMethodHandle$Holder.invokeStatic(java.lang.Object, java.lang.Object)'> (0x00000000d6b46f68) 
thrown [s\src\hotspot\share\interpreter\linkResolver.cpp, line 773]
Event: 16.924 Thread 0x00000142108b41b0 Exception <a 'java/lang/NoSuchMethodError'{0x00000000d6b4a628}: 'double java.lang.invoke.DirectMethodHandle$Holder.invokeStaticInit(java.lang.Object, java.lang.Object)'> (0x00000000d6b4a628) 
thrown [s\src\hotspot\share\interpreter\linkResolver.cpp, line 773]

ZGC Phase Switch (0 events):
No events

VM Operations (20 events):
Event: 15.008 Executing non-safepoint VM operation: HandshakeAllThreads (Deoptimize) done
Event: 15.246 Executing safepoint VM operation: ParallelGCFailedAllocation (Allocation Failure)
Event: 15.253 Executing safepoint VM operation: ParallelGCFailedAllocation (Allocation Failure) done
Event: 15.456 Executing non-safepoint VM operation: HandshakeAllThreads (Deoptimize)
Event: 15.456 Executing non-safepoint VM operation: HandshakeAllThreads (Deoptimize) done
Event: 15.779 Executing non-safepoint VM operation: HandshakeAllThreads (Deoptimize)
Event: 15.780 Executing non-safepoint VM operation: HandshakeAllThreads (Deoptimize) done
Event: 15.961 Executing safepoint VM operation: ParallelGCFailedAllocation (Allocation Failure)
Event: 15.967 Executing safepoint VM operation: ParallelGCFailedAllocation (Allocation Failure) done
Event: 16.063 Executing non-safepoint VM operation: HandshakeAllThreads (Deoptimize)
Event: 16.063 Executing non-safepoint VM operation: HandshakeAllThreads (Deoptimize) done
Event: 16.076 Executing non-safepoint VM operation: HandshakeAllThreads (Deoptimize)
Event: 16.076 Executing non-safepoint VM operation: HandshakeAllThreads (Deoptimize) done
Event: 16.107 Executing non-safepoint VM operation: HandshakeAllThreads (Deoptimize)
Event: 16.107 Executing non-safepoint VM operation: HandshakeAllThreads (Deoptimize) done
Event: 16.627 Executing non-safepoint VM operation: HandshakeAllThreads (Deoptimize)
Event: 16.627 Executing non-safepoint VM operation: HandshakeAllThreads (Deoptimize) done
Event: 17.028 Executing safepoint VM operation: ParallelGCFailedAllocation (Allocation Failure)
Event: 17.035 Executing safepoint VM operation: ParallelGCFailedAllocation (Allocation Failure) done
Event: 18.038 Executing safepoint VM operation: Cleanup

Memory protections (0 events):
No events

Nmethod flushes (0 events):
No events

Events (20 events):
Event: 3.280 Thread 0x00000141b272a3e0 Thread added: 0x00000141b26cb210
Event: 3.285 Thread 0x00000141b272a3e0 Thread added: 0x000001420b9befd0
Event: 3.436 Thread 0x00000141b272a3e0 Thread added: 0x000001420bb82c70
Event: 6.608 Thread 0x00000141b272a3e0 Thread added: 0x000001420bcc4dc0
Event: 7.765 Thread 0x00000141b26cb210 Thread added: 0x000001420bd004a0
Event: 7.766 Thread 0x00000141b26cb210 Thread added: 0x000001420bcf65f0
Event: 13.408 Thread 0x000001420bcf65f0 Thread exited: 0x000001420bcf65f0
Event: 14.888 Thread 0x00000141b272a3e0 Thread added: 0x00000142100eabc0
Event: 15.185 Thread 0x00000141b272a3e0 Thread added: 0x00000142109b0840
Event: 15.195 Thread 0x00000141b272a3e0 Thread added: 0x00000142108b41b0
Event: 15.260 Thread 0x00000142108b41b0 Thread added: 0x00000142109d7230
Event: 15.390 Thread 0x000001420bd004a0 Thread exited: 0x000001420bd004a0
Event: 15.568 Thread 0x000001420b9befd0 Thread added: 0x0000014210848500
Event: 15.825 Thread 0x00000142108b41b0 Thread added: 0x000001421090ac60
Event: 16.053 Thread 0x0000014210848500 Thread exited: 0x0000014210848500
Event: 16.128 Thread 0x000001420b9befd0 Thread added: 0x0000014210848500
Event: 16.547 Thread 0x0000014210848500 Thread exited: 0x0000014210848500
Event: 16.662 Thread 0x00000142108b41b0 Thread added: 0x0000014210743fa0
Event: 16.749 Thread 0x00000142108b41b0 Thread added: 0x0000014210b43370
Event: 16.798 Thread 0x00000142108b41b0 Thread added: 0x0000014210acba00


Dynamic libraries:
0x00007ff6c52f0000 - 0x00007ff6c52fe000 	c:\Users\amitv\.vscode\extensions\redhat.java-1.55.0-win32-x64\jre\21.0.11-win32-x86_64\bin\java.exe
0x00007ff961360000 - 0x00007ff9615c6000 	C:\Windows\SYSTEM32\ntdll.dll
0x00007ff9603d0000 - 0x00007ff960499000 	C:\Windows\System32\KERNEL32.DLL
0x00007ff95e640000 - 0x00007ff95ea3e000 	C:\Windows\System32\KERNELBASE.dll
0x00007ff95eb10000 - 0x00007ff95ec5c000 	C:\Windows\System32\ucrtbase.dll
0x00007ff931560000 - 0x00007ff931578000 	c:\Users\amitv\.vscode\extensions\redhat.java-1.55.0-win32-x64\jre\21.0.11-win32-x86_64\bin\jli.dll
0x00007ff9604c0000 - 0x00007ff960687000 	C:\Windows\System32\USER32.dll
0x00007ff95e610000 - 0x00007ff95e637000 	C:\Windows\System32\win32u.dll
0x00007ff95ffe0000 - 0x00007ff96000b000 	C:\Windows\System32\GDI32.dll
0x00007ff95eea0000 - 0x00007ff95efca000 	C:\Windows\System32\gdi32full.dll
0x00007ff95edf0000 - 0x00007ff95ee93000 	C:\Windows\System32\msvcp_win.dll
0x00007ff930950000 - 0x00007ff93096e000 	c:\Users\amitv\.vscode\extensions\redhat.java-1.55.0-win32-x64\jre\21.0.11-win32-x86_64\bin\VCRUNTIME140.dll
0x00007ff945490000 - 0x00007ff945722000 	C:\Windows\WinSxS\amd64_microsoft.windows.common-controls_6595b64144ccf1df_6.0.26100.8875_none_3e0d5d42e32fe9dd\COMCTL32.dll
0x00007ff9606a0000 - 0x00007ff960749000 	C:\Windows\System32\msvcrt.dll
0x00007ff95fdc0000 - 0x00007ff95fdf2000 	C:\Windows\System32\IMM32.DLL
0x00007ff9436d0000 - 0x00007ff9436dc000 	c:\Users\amitv\.vscode\extensions\redhat.java-1.55.0-win32-x64\jre\21.0.11-win32-x86_64\bin\vcruntime140_1.dll
0x00007ff8d4490000 - 0x00007ff8d451d000 	c:\Users\amitv\.vscode\extensions\redhat.java-1.55.0-win32-x64\jre\21.0.11-win32-x86_64\bin\msvcp140.dll
0x00007ff894ba0000 - 0x00007ff895942000 	c:\Users\amitv\.vscode\extensions\redhat.java-1.55.0-win32-x64\jre\21.0.11-win32-x86_64\bin\server\jvm.dll
0x00007ff960fb0000 - 0x00007ff961067000 	C:\Windows\System32\ADVAPI32.dll
0x00007ff960010000 - 0x00007ff9600ba000 	C:\Windows\System32\sechost.dll
0x00007ff961070000 - 0x00007ff961188000 	C:\Windows\System32\RPCRT4.dll
0x00007ff9600c0000 - 0x00007ff960140000 	C:\Windows\System32\WS2_32.dll
0x00007ff95e400000 - 0x00007ff95e45e000 	C:\Windows\SYSTEM32\POWRPROF.dll
0x00007ff94fb10000 - 0x00007ff94fb46000 	C:\Windows\SYSTEM32\WINMM.dll
0x00007ff9570c0000 - 0x00007ff9570cb000 	C:\Windows\SYSTEM32\VERSION.dll
0x00007ff95e3c0000 - 0x00007ff95e3d4000 	C:\Windows\SYSTEM32\UMPDC.dll
0x00007ff95d240000 - 0x00007ff95d25b000 	C:\Windows\SYSTEM32\kernel.appcore.dll
0x00007ff941330000 - 0x00007ff94133a000 	c:\Users\amitv\.vscode\extensions\redhat.java-1.55.0-win32-x64\jre\21.0.11-win32-x86_64\bin\jimage.dll
0x00007ff95ba60000 - 0x00007ff95bca2000 	C:\Windows\SYSTEM32\DBGHELP.DLL
0x00007ff95f090000 - 0x00007ff95f413000 	C:\Windows\System32\combase.dll
0x00007ff9602f0000 - 0x00007ff9603c9000 	C:\Windows\System32\OLEAUT32.dll
0x00007ff93cb80000 - 0x00007ff93cbbb000 	C:\Windows\SYSTEM32\dbgcore.DLL
0x00007ff95ea50000 - 0x00007ff95eafc000 	C:\Windows\System32\bcryptPrimitives.dll
0x00007ff941000000 - 0x00007ff94100f000 	c:\Users\amitv\.vscode\extensions\redhat.java-1.55.0-win32-x64\jre\21.0.11-win32-x86_64\bin\instrument.dll
0x00007ff92e180000 - 0x00007ff92e1a0000 	c:\Users\amitv\.vscode\extensions\redhat.java-1.55.0-win32-x64\jre\21.0.11-win32-x86_64\bin\java.dll
0x00007ff95f590000 - 0x00007ff95fd22000 	C:\Windows\System32\SHELL32.dll
0x00007ff95bfe0000 - 0x00007ff95c872000 	C:\Windows\SYSTEM32\windows.storage.dll
0x00007ff960d80000 - 0x00007ff960e77000 	C:\Windows\System32\SHCORE.dll
0x00007ff960f40000 - 0x00007ff960fa7000 	C:\Windows\System32\shlwapi.dll
0x00007ff95e4a0000 - 0x00007ff95e4c9000 	C:\Windows\SYSTEM32\profapi.dll
0x00007ff93db10000 - 0x00007ff93db28000 	c:\Users\amitv\.vscode\extensions\redhat.java-1.55.0-win32-x64\jre\21.0.11-win32-x86_64\bin\zip.dll
0x00007ff9457a0000 - 0x00007ff9457b0000 	C:\Users\amitv\.vscode\extensions\redhat.java-1.55.0-win32-x64\jre\21.0.11-win32-x86_64\bin\net.dll
0x00007ff954ed0000 - 0x00007ff954ff7000 	C:\Windows\SYSTEM32\WINHTTP.dll
0x00007ff95d810000 - 0x00007ff95d87c000 	C:\Windows\system32\mswsock.dll
0x00007ff92a0d0000 - 0x00007ff92a0e6000 	C:\Users\amitv\.vscode\extensions\redhat.java-1.55.0-win32-x64\jre\21.0.11-win32-x86_64\bin\nio.dll
0x00007ff943890000 - 0x00007ff9438a0000 	c:\Users\amitv\.vscode\extensions\redhat.java-1.55.0-win32-x64\jre\21.0.11-win32-x86_64\bin\verify.dll
0x00007ff8e1490000 - 0x00007ff8e14d5000 	C:\Users\amitv\AppData\Roaming\Code\User\globalStorage\redhat.java\1.55.0\config_ss_win\org.eclipse.equinox.launcher\org.eclipse.equinox.launcher.win32.win32.x86_64_1.3.100.v20260613-0559\eclipse_11924.dll
0x00007ff960150000 - 0x00007ff9602e9000 	C:\Windows\System32\ole32.dll
0x00007ff95db10000 - 0x00007ff95db2b000 	C:\Windows\SYSTEM32\CRYPTSP.dll
0x00007ff95d1a0000 - 0x00007ff95d1d9000 	C:\Windows\system32\rsaenh.dll
0x00007ff95d8d0000 - 0x00007ff95d902000 	C:\Windows\SYSTEM32\USERENV.dll
0x00007ff95e470000 - 0x00007ff95e49a000 	C:\Windows\SYSTEM32\bcrypt.dll
0x00007ff95db30000 - 0x00007ff95db3c000 	C:\Windows\SYSTEM32\CRYPTBASE.dll
0x00007ff95cbd0000 - 0x00007ff95cc03000 	C:\Windows\SYSTEM32\IPHLPAPI.DLL
0x00007ff960690000 - 0x00007ff96069a000 	C:\Windows\System32\NSI.dll
0x00007ff8d7aa0000 - 0x00007ff8d7ae9000 	C:\Windows\Temp\jna-92933375\jna655551787859259978.dll
0x00007ff9604b0000 - 0x00007ff9604b8000 	C:\Windows\System32\PSAPI.DLL

JVMTI agents:
c:\Users\amitv\.vscode\extensions\redhat.java-1.55.0-win32-x64\lombok\lombok-1.18.39-4050.jar path:c:\Users\amitv\.vscode\extensions\redhat.java-1.55.0-win32-x64\jre\21.0.11-win32-x86_64\bin\instrument.dll, loaded, initialized, instrumentlib options:none

dbghelp: loaded successfully - version: 4.0.5 - missing functions: none
symbol engine: initialized successfully - sym options: 0x614 - pdb path: .;c:\Users\amitv\.vscode\extensions\redhat.java-1.55.0-win32-x64\jre\21.0.11-win32-x86_64\bin;C:\Windows\SYSTEM32;C:\Windows\WinSxS\amd64_microsoft.windows.common-controls_6595b64144ccf1df_6.0.26100.8875_none_3e0d5d42e32fe9dd;c:\Users\amitv\.vscode\extensions\redhat.java-1.55.0-win32-x64\jre\21.0.11-win32-x86_64\bin\server;C:\Users\amitv\AppData\Roaming\Code\User\globalStorage\redhat.java\1.55.0\config_ss_win\org.eclipse.equinox.launcher\org.eclipse.equinox.launcher.win32.win32.x86_64_1.3.100.v20260613-0559;C:\Windows\Temp\jna-92933375

VM Arguments:
jvm_args: --add-modules=ALL-SYSTEM --add-opens=java.base/java.util=ALL-UNNAMED --add-opens=java.base/java.lang=ALL-UNNAMED --add-opens=java.base/sun.nio.fs=ALL-UNNAMED -Declipse.application=org.eclipse.jdt.ls.core.id1 -Dosgi.bundles.defaultStartLevel=4 -Declipse.product=org.eclipse.jdt.ls.core.product -Djava.import.generatesMetadataFilesAtProjectRoot=false -DDetectVMInstallationsJob.disabled=true -Dfile.encoding=utf8 -XX:+UseParallelGC -XX:GCTimeRatio=4 -XX:AdaptiveSizePolicyWeight=90 -Dsun.zip.disableMemoryMapping=true -Xmx2G -Xms100m -Xlog:disable -javaagent:c:\Users\amitv\.vscode\extensions\redhat.java-1.55.0-win32-x64\lombok\lombok-1.18.39-4050.jar 
java_command: c:\Users\amitv\.vscode\extensions\redhat.java-1.55.0-win32-x64\server\plugins\org.eclipse.equinox.launcher_1.7.200.v20260619-2039.jar -configuration c:\Users\amitv\AppData\Roaming\Code\User\globalStorage\redhat.java\1.55.0\config_ss_win -data c:\Users\amitv\AppData\Roaming\Code\User\workspaceStorage\4800a7de16932759413e397f3b1a5185\redhat.java\ss_ws --pipe=\\.\pipe\lsp-bee6eaaf86ab6fd428c10b2ffb08bbf7-sock
java_class_path (initial): c:\Users\amitv\.vscode\extensions\redhat.java-1.55.0-win32-x64\server\plugins\org.eclipse.equinox.launcher_1.7.200.v20260619-2039.jar
Launcher Type: SUN_STANDARD

[Global flags]
    uintx AdaptiveSizePolicyWeight                 = 90                                        {product} {command line}
     intx CICompilerCount                          = 4                                         {product} {ergonomic}
    uintx GCTimeRatio                              = 4                                         {product} {command line}
   size_t InitialHeapSize                          = 104857600                                 {product} {command line}
   size_t MaxHeapSize                              = 2147483648                                {product} {command line}
   size_t MaxNewSize                               = 715653120                                 {product} {ergonomic}
   size_t MinHeapDeltaBytes                        = 524288                                    {product} {ergonomic}
   size_t MinHeapSize                              = 104857600                                 {product} {command line}
   size_t NewSize                                  = 34603008                                  {product} {ergonomic}
    uintx NonNMethodCodeHeapSize                   = 5839372                                {pd product} {ergonomic}
    uintx NonProfiledCodeHeapSize                  = 122909434                              {pd product} {ergonomic}
   size_t OldSize                                  = 70254592                                  {product} {ergonomic}
    uintx ProfiledCodeHeapSize                     = 122909434                              {pd product} {ergonomic}
    uintx ReservedCodeCacheSize                    = 251658240                              {pd product} {ergonomic}
     bool SegmentedCodeCache                       = true                                      {product} {ergonomic}
   size_t SoftMaxHeapSize                          = 2147483648                             {manageable} {ergonomic}
     bool UseCompressedOops                        = true                           {product lp64_product} {ergonomic}
     bool UseLargePagesIndividualAllocation        = false                                  {pd product} {ergonomic}
     bool UseParallelGC                            = true                                      {product} {command line}

Logging:
Log output configuration:
 #0: stdout all=off uptime,level,tags foldmultilines=false
 #1: stderr all=off uptime,level,tags foldmultilines=false

Release file:
JAVA_VERSION="21.0.11" 
MODULES="java.base java.compiler java.datatransfer java.xml java.prefs java.desktop java.instrument java.logging java.management java.security.sasl java.naming java.rmi java.management.rmi java.net.http java.scripting java.security.jgss java.transaction.xa java.sql java.sql.rowset java.xml.crypto java.se java.smartcardio jdk.accessibility jdk.internal.jvmstat jdk.attach jdk.charsets jdk.internal.opt jdk.zipfs jdk.compiler jdk.crypto.ec jdk.crypto.cryptoki jdk.crypto.mscapi jdk.dynalink jdk.internal.ed jdk.editpad jdk.hotspot.agent jdk.httpserver jdk.internal.le jdk.internal.vm.ci jdk.internal.vm.compiler jdk.internal.vm.compiler.management jdk.jartool jdk.javadoc jdk.jcmd jdk.management jdk.management.agent jdk.jconsole jdk.jdeps jdk.jdwp.agent jdk.jdi jdk.jfr jdk.jshell jdk.jsobject jdk.jstatd jdk.localedata jdk.management.jfr jdk.naming.dns jdk.naming.rmi jdk.net jdk.nio.mapmode jdk.random jdk.sctp jdk.security.auth jdk.security.jgss jdk.unsupported jdk.unsupported.desktop jdk.xml.dom" 

Environment Variables:
JAVA_HOME=C:\Program Files\Java\jdk-21.0.11\bin
PATH=C:\Program Files\Common Files\Oracle\Java\javapath;C:\Windows\system32;C:\Windows;C:\Windows\System32\Wbem;C:\Windows\System32\WindowsPowerShell\v1.0\;C:\Windows\System32\OpenSSH\;C:\Program Files\nodejs\;C:\Program Files\Git\cmd;C:\Program Files\Java\jdk-21.0.11\bin;C:\Program Files\sf\bin;C:\Program Files\apache-maven-3.9.16\bin;C:\Program Files\MySQL\MySQL Server 8.0\bin;C:\Program Files\MySQL\MySQL Shell 8.0\bin\;C:\Users\amitv\AppData\Local\Programs\Python\Launcher\;C:\Users\amitv\AppData\Local\Microsoft\WindowsApps;C:\Users\amitv\AppData\Local\Programs\Microsoft VS Code\bin;C:\Users\amitv\AppData\Roaming\npm;C:\Program Files\Java\jdk-21.0.11\bin;C:\Program Files\sf\bin;
USERNAME=amitv
OS=Windows_NT
PROCESSOR_IDENTIFIER=Intel64 Family 6 Model 140 Stepping 1, GenuineIntel
TMP=C:\Windows\TEMP
TEMP=C:\Users\amitv\AppData\Local\Temp




Periodic native trim disabled

---------------  S Y S T E M  ---------------

OS:
 Windows 11 , 64 bit Build 26100 (10.0.26100.8875)
OS uptime: 0 days 6:46 hours
Hyper-V role detected

CPU: total 8 (initial active 8) (4 cores per cpu, 2 threads per core) family 6 model 140 stepping 1 microcode 0xb4, cx8, cmov, fxsr, ht, mmx, 3dnowpref, sse, sse2, sse3, ssse3, sse4.1, sse4.2, popcnt, lzcnt, tsc, tscinvbit, avx, avx2, aes, erms, clmul, bmi1, bmi2, adx, avx512f, avx512dq, avx512cd, avx512bw, avx512vl, sha, fma, vzeroupper, avx512_vpopcntdq, avx512_vpclmulqdq, avx512_vaes, avx512_vnni, clflush, clflushopt, clwb, avx512_vbmi2, avx512_vbmi, hv, rdtscp, rdpid, fsrm, gfni, avx512_bitalg, f16c, cet_ibt, cet_ss, avx512_ifma
Processor Information for processor 0
  Max Mhz: 2001, Current Mhz: 2001, Mhz Limit: 2001
Processor Information for processor 1
  Max Mhz: 2001, Current Mhz: 1200, Mhz Limit: 2001
Processor Information for processor 2
  Max Mhz: 2001, Current Mhz: 2001, Mhz Limit: 2001
Processor Information for processor 3
  Max Mhz: 2001, Current Mhz: 1200, Mhz Limit: 2001
Processor Information for processor 4
  Max Mhz: 2001, Current Mhz: 1200, Mhz Limit: 2001
Processor Information for processor 5
  Max Mhz: 2001, Current Mhz: 2001, Mhz Limit: 2001
Processor Information for processor 6
  Max Mhz: 2001, Current Mhz: 2001, Mhz Limit: 2001
Processor Information for processor 7
  Max Mhz: 2001, Current Mhz: 1200, Mhz Limit: 2001

Memory: 4k page, system-wide physical 7833M (740M free)
TotalPageFile size 23944M (AvailPageFile size 2M)
current process WorkingSet (physical memory assigned to process): 127M, peak: 131M
current process commit charge ("private bytes"): 268M, peak: 270M

vm_info: OpenJDK 64-Bit Server VM (21.0.11+10-LTS) for windows-amd64 JRE (21.0.11+10-LTS), built on 2026-04-21T00:00:00Z by "admin" with MS VC++ 17.12 (VS2022)

END.
